// <autogenerated/>
using System.Collections.Generic;
using System.Threading.Tasks;
using Microsoft.Azure.Functions.Worker;
using Azure.Messaging.ServiceBus;
using NServiceBus;

public class FunctionEndpointTrigger
{
    IFunctionEndpoint endpoint;

        public FunctionEndpointTrigger(IFunctionEndpoint endpoint)
        {
            this.endpoint = endpoint;
        }


        [Function("NServiceBusFunctionEndpointTrigger-endpoint")]
        public async Task Run(
            [ServiceBusTrigger("endpoint")] ServiceBusReceivedMessage message,
            FunctionContext context)
        {
            await endpoint.Process(message, context);
        }
}