// <autogenerated/>
using System.Collections.Generic;
using System.Threading.Tasks;
using Microsoft.Azure.Functions.Worker;
using NServiceBus;

public class FunctionEndpointTrigger
{
    IFunctionEndpoint endpoint;

        public FunctionEndpointTrigger(IFunctionEndpoint endpoint)
        {
            this.endpoint = endpoint;
        }


        [Function("NServiceBusFunctionEndpointTrigger-endpoint")]
        public async Task Run(
            [ServiceBusTrigger("endpoint")] byte[] messageBody,
            IDictionary<string, object> userProperties,
            string messageId,
            int deliveryCount,
            string replyTo,
            string correlationId,
            FunctionContext context)
        {
            var legacyUserProperties = new Dictionary<string, string>(userProperties.Count);

            foreach (var userProperty in userProperties)
            {
                legacyUserProperties[userProperty.Key] = userProperty.Value.ToString();
            }

            await endpoint.Process(messageBody, legacyUserProperties, messageId, deliveryCount, replyTo, correlationId, context);
        }
}