// <autogenerated/>
using System.Collections.Generic;
using System.Threading;
using System.Threading.Tasks;
using Azure.Messaging.ServiceBus;
using Microsoft.Azure.Functions.Worker;
using NServiceBus;

[global::System.Runtime.CompilerServices.CompilerGeneratedAttribute()]
public class FunctionEndpointTrigger
{
        readonly IFunctionEndpoint endpoint;

        public FunctionEndpointTrigger(IFunctionEndpoint endpoint)
        {
            this.endpoint = endpoint;
        }

        [Function("trigger")]
        public async Task Run(
            [ServiceBusTrigger("endpoint")] ServiceBusReceivedMessage message, ServiceBusMessageActions messageActions, FunctionContext context, CancellationToken cancellationToken)
        {
            await endpoint.Process(message, messageActions, context, cancellationToken);
        }
}