// <autogenerated/>
using System.Collections.Generic;
using System.Threading.Tasks;
using Microsoft.Azure.Functions.Worker;
using NServiceBus;

public class FunctionEndpointTrigger
{
    IFunctionEndpoint endpoint;

        public FunctionEndpointTrigger(IFunctionEndpoint endpoint)
        {
            this.endpoint = endpoint;
        }


        [Function("NServiceBusFunctionEndpointTrigger-endpoint")]
        public async Task Run(
            [ServiceBusTrigger("endpoint", Connection="FooBar")] byte[] messageBody,
            IDictionary<string, object> userProperties,
            string messageId,
            int deliveryCount,
            string correlationId,
            FunctionContext context,
            string replyTo = null)
        {
            await endpoint.Process(messageBody, userProperties, messageId, deliveryCount, replyTo, correlationId, context);
        }
}